CxlResult:/home/mike/Desktop/work/04_DeviceSpecific/3_questasim/Simlib//xtlm/.cxl.systemc.sm.rpt =
	ExecutionPlatform = lin64 ,
	SourceLibrary = xtlm ,
	SourcePath = /home/mike/SoftwareAndApps/Xilinx2024_2/Vivado/2024.2/data/systemc/simlibs/xtlm/xtlm ,
	Simulator = questasim ,
	SimulatorVersion = 2023.3 ,
	CompiledLibrary = xtlm ,
	CompiledPath = /home/mike/Desktop/work/04_DeviceSpecific/3_questasim/Simlib//xtlm ,
	Timestamp = Fri Oct 17 13:57:29 2025 ,
	Time = 1760702249 ,
	Language = systemc ,
	XilinxVersion = 2024.2 ,
	LogFile = /home/mike/Desktop/work/04_DeviceSpecific/3_questasim/Simlib//xtlm/.cxl.systemc.sm.log ,
	NumOfErrors = 1 ,
	NumOfWarnings = 0 ,
	Error = /home/mike/SoftwareAndApps/Siemens_QuestaSim2023_3/questasim/bin//sccom  -64 -cpppath /usr/bin/g++ -nodebug -std=c++11  -I /home/mike/SoftwareAndApps/Xilinx2024_2/Vivado/2024.2/data/systemc/simlibs/xtlm/xtlm/include -I /home/mike/Desktop/work/04_DeviceSpecific/3_questasim/Simlib//common_cpp_v1_0/include -Wall -fPIC -fPIC -DXTLM_DLL -O3 -work xtlm -f /home/mike/Desktop/work/04_DeviceSpecific/3_questasim/Simlib//xtlm/.cxl.systemc.xtlm.xtlm.cmf ,
