CxlResult:/home/mike/Desktop/work/04_DeviceSpecific/3_questasim/Simlib//rwd_tlmmodel_v1/.cxl.systemc.sm.rpt =
	ExecutionPlatform = lin64 ,
	SourceLibrary = rwd_tlmmodel_v1 ,
	SourcePath = /home/mike/SoftwareAndApps/Xilinx2024_2/Vivado/2024.2/data/systemc/simlibs/rwd_tlmmodel/rwd_tlmmodel_v1 ,
	Simulator = questasim ,
	SimulatorVersion = 2023.3 ,
	CompiledLibrary = rwd_tlmmodel_v1 ,
	CompiledPath = /home/mike/Desktop/work/04_DeviceSpecific/3_questasim/Simlib//rwd_tlmmodel_v1 ,
	Timestamp = Fri Oct 17 13:57:29 2025 ,
	Time = 1760702249 ,
	Language = systemc ,
	XilinxVersion = 2024.2 ,
	LogFile = /home/mike/Desktop/work/04_DeviceSpecific/3_questasim/Simlib//rwd_tlmmodel_v1/.cxl.systemc.sm.log ,
	NumOfErrors = 1 ,
	NumOfWarnings = 0 ,
	Error = /home/mike/SoftwareAndApps/Siemens_QuestaSim2023_3/questasim/bin//sccom  -64 -cpppath /usr/bin/g++ -nodebug  -I /home/mike/SoftwareAndApps/Xilinx2024_2/Vivado/2024.2/data/systemc/simlibs/rwd_tlmmodel/rwd_tlmmodel_v1/include -I /home/mike/Desktop/work/04_DeviceSpecific/3_questasim/Simlib//debug_tcp_server_v1/include/ -Wall -fPIC -fPIC -std=c++11 -DRWD_TLMMODEL_SC_DLL -O3 -work rwd_tlmmodel_v1 -f /home/mike/Desktop/work/04_DeviceSpecific/3_questasim/Simlib//rwd_tlmmodel_v1/.cxl.systemc.rwd_tlmmodel_v1.rwd_tlmmodel_v1.cmf ,
