CxlResult:/home/mike/Desktop/work/04_DeviceSpecific/3_questasim/Simlib//xtlm_trace_model_v1_0/.cxl.systemc.sm.rpt =
	ExecutionPlatform = lin64 ,
	SourceLibrary = xtlm_trace_model_v1_0 ,
	SourcePath = /home/mike/SoftwareAndApps/Xilinx2024_2/Vivado/2024.2/data/systemc/simlibs/xtlm_trace_model/xtlm_trace_model_v1_0 ,
	Simulator = questasim ,
	SimulatorVersion = 2023.3 ,
	CompiledLibrary = xtlm_trace_model_v1_0 ,
	CompiledPath = /home/mike/Desktop/work/04_DeviceSpecific/3_questasim/Simlib//xtlm_trace_model_v1_0 ,
	Timestamp = Fri Oct 17 13:57:29 2025 ,
	Time = 1760702249 ,
	Language = systemc ,
	XilinxVersion = 2024.2 ,
	LogFile = /home/mike/Desktop/work/04_DeviceSpecific/3_questasim/Simlib//xtlm_trace_model_v1_0/.cxl.systemc.sm.log ,
	NumOfErrors = 1 ,
	NumOfWarnings = 0 ,
	Error = /home/mike/SoftwareAndApps/Siemens_QuestaSim2023_3/questasim/bin//sccom  -64 -cpppath /usr/bin/g++ -nodebug -std=c++11  -I /home/mike/SoftwareAndApps/Xilinx2024_2/Vivado/2024.2/data/systemc/simlibs/xtlm_trace_model/xtlm_trace_model_v1_0/include -I /home/mike/SoftwareAndApps/Xilinx2024_2/Vivado/2024.2/data/systemc/simlibs/xtlm_trace_model/xtlm_trace_model_v1_0/src -I /home/mike/Desktop/work/04_DeviceSpecific/3_questasim/Simlib//xtlm/include -I /home/mike/Desktop/work/04_DeviceSpecific/3_questasim/Simlib//common_cpp_v1_0/include -Wall -fPIC -Wall -fPIC -std=gnu++14 -Wno-reorder -Wno-deprecated-declarations -Wno-unused-function -DSC_INCLUDE_DYNAMIC_PROCESSES -O3 -DNDEBUG -work xtlm_trace_model_v1_0 -f /home/mike/Desktop/work/04_DeviceSpecific/3_questasim/Simlib//xtlm_trace_model_v1_0/.cxl.systemc.xtlm_trace_model_v1_0.xtlm_trace_model_v1_0.cmf ,
