CxlResult:/home/mike/Desktop/work/04_DeviceSpecific/3_questasim/Simlib//axi_tg_sc_v1_0/.cxl.systemc.sm.rpt =
	ExecutionPlatform = lin64 ,
	SourceLibrary = axi_tg_sc_v1_0 ,
	SourcePath = /home/mike/SoftwareAndApps/Xilinx2024_2/Vivado/2024.2/data/systemc/simlibs/axi_tg_sc/axi_tg_sc_v1_0 ,
	Simulator = questasim ,
	SimulatorVersion = 2023.3 ,
	CompiledLibrary = axi_tg_sc_v1_0 ,
	CompiledPath = /home/mike/Desktop/work/04_DeviceSpecific/3_questasim/Simlib//axi_tg_sc_v1_0 ,
	Timestamp = Fri Oct 17 13:57:29 2025 ,
	Time = 1760702249 ,
	Language = systemc ,
	XilinxVersion = 2024.2 ,
	LogFile = /home/mike/Desktop/work/04_DeviceSpecific/3_questasim/Simlib//axi_tg_sc_v1_0/.cxl.systemc.sm.log ,
	NumOfErrors = 1 ,
	NumOfWarnings = 0 ,
	Error = /home/mike/SoftwareAndApps/Siemens_QuestaSim2023_3/questasim/bin//sccom  -64 -cpppath /usr/bin/g++ -nodebug  -I /home/mike/SoftwareAndApps/Xilinx2024_2/Vivado/2024.2/data/systemc/simlibs/axi_tg_sc/axi_tg_sc_v1_0/include -I /home/mike/Desktop/work/04_DeviceSpecific/3_questasim/Simlib//axi_tlm_ext_v1_0/include -I /home/mike/Desktop/work/04_DeviceSpecific/3_questasim/Simlib//xtlm/include -I /home/mike/Desktop/work/04_DeviceSpecific/3_questasim/Simlib//common_cpp_v1_0/include -I /home/mike/SoftwareAndApps/Xilinx2024_2/Vivado/2024.2/tps/boost_1_72_0 -Wall -fPIC -Wall -fPIC -std=gnu++14 -Wno-reorder -Wno-deprecated-declarations -Wno-unused-function -Wno-sign-compare -DSC_INCLUDE_DYNAMIC_PROCESSES -DNDEBUG -O3 -work axi_tg_sc_v1_0 -f /home/mike/Desktop/work/04_DeviceSpecific/3_questasim/Simlib//axi_tg_sc_v1_0/.cxl.systemc.axi_tg_sc_v1_0.axi_tg_sc_v1_0.cmf ,
