CxlResult:/home/mike/Desktop/work/04_DeviceSpecific/3_questasim/Simlib//zynq_ultra_ps_e_v3_3_14/.cxl.systemc.ip.rpt =
	ExecutionPlatform = lin64 ,
	SourceLibrary = zynq_ultra_ps_e_v3_3_14 ,
	SourcePath = /home/mike/SoftwareAndApps/Xilinx2024_2/Vivado/2024.2/data ,
	Simulator = questasim ,
	SimulatorVersion = 2023.3 ,
	CompiledLibrary = zynq_ultra_ps_e_v3_3_14 ,
	CompiledPath = /home/mike/Desktop/work/04_DeviceSpecific/3_questasim/Simlib//zynq_ultra_ps_e_v3_3_14 ,
	Timestamp = Fri Oct 17 13:57:29 2025 ,
	Time = 1760702249 ,
	Language = systemc ,
	XilinxVersion = 2024.2 ,
	LogFile = /home/mike/Desktop/work/04_DeviceSpecific/3_questasim/Simlib//zynq_ultra_ps_e_v3_3_14/.cxl.systemc.ip.log ,
	NumOfErrors = 1 ,
	NumOfWarnings = 0 ,
	Error = /home/mike/SoftwareAndApps/Siemens_QuestaSim2023_3/questasim/bin//sccom  -64 -cpppath /usr/bin/g++ -I /home/mike/.cxl.ip/incl -I /home/mike/Desktop/work/04_DeviceSpecific/3_questasim/Simlib/remote_port_c_v4/include -I /home/mike/Desktop/work/04_DeviceSpecific/3_questasim/Simlib/remote_port_sc_v4/include -I /home/mike/Desktop/work/04_DeviceSpecific/3_questasim/Simlib/xtlm/include -work zynq_ultra_ps_e_v3_3_14 -f /home/mike/Desktop/work/04_DeviceSpecific/3_questasim/Simlib//zynq_ultra_ps_e_v3_3_14/.cxl.systemc.zynq_ultra_ps_e_v3_3_14.zynq_ultra_ps_e_v3_3_14.cmf ,
