CxlResult:/home/mike/Desktop/work/04_DeviceSpecific/3_questasim/Simlib//msm_adapters/.cxl.systemc.sm.rpt =
	ExecutionPlatform = lin64 ,
	SourceLibrary = msm_adapters ,
	SourcePath = /home/mike/SoftwareAndApps/Xilinx2024_2/Vivado/2024.2/data/systemc/simlibs/msm_adapters/msm_adapters ,
	Simulator = questasim ,
	SimulatorVersion = 2023.3 ,
	CompiledLibrary = msm_adapters ,
	CompiledPath = /home/mike/Desktop/work/04_DeviceSpecific/3_questasim/Simlib//msm_adapters ,
	Timestamp = Fri Oct 17 13:57:29 2025 ,
	Time = 1760702249 ,
	Language = systemc ,
	XilinxVersion = 2024.2 ,
	LogFile = /home/mike/Desktop/work/04_DeviceSpecific/3_questasim/Simlib//msm_adapters/.cxl.systemc.sm.log ,
	NumOfErrors = 1 ,
	NumOfWarnings = 1 ,
	Error = /home/mike/SoftwareAndApps/Siemens_QuestaSim2023_3/questasim/bin//sccom  -64 -cpppath /usr/bin/g++ -nodebug -std=c++17  -I /home/mike/SoftwareAndApps/Xilinx2024_2/Vivado/2024.2/data/systemc/simlibs/msm_adapters/msm_adapters/include -I /home/mike/Desktop/work/04_DeviceSpecific/3_questasim/Simlib//msm_cpp/include -Wall -fPIC -fPIC -std=c++17 -fpermissive -O3 -work msm_adapters -f /home/mike/Desktop/work/04_DeviceSpecific/3_questasim/Simlib//msm_adapters/.cxl.systemc.msm_adapters.msm_adapters.cmf ,
