CxlResult:/home/mike/Desktop/work/04_DeviceSpecific/3_questasim/Simlib//common_rpc_v1/.cxl.cpp.sm.rpt =
	ExecutionPlatform = lin64 ,
	SourceLibrary = common_rpc_v1 ,
	SourcePath = /home/mike/SoftwareAndApps/Xilinx2024_2/Vivado/2024.2/data/systemc/simlibs/common_rpc/common_rpc_v1 ,
	Simulator = questasim ,
	SimulatorVersion = 2023.3 ,
	CompiledLibrary = common_rpc_v1 ,
	CompiledPath = /home/mike/Desktop/work/04_DeviceSpecific/3_questasim/Simlib//common_rpc_v1 ,
	Timestamp = Fri Oct 17 13:57:29 2025 ,
	Time = 1760702249 ,
	Language = cpp ,
	XilinxVersion = 2024.2 ,
	LogFile = /home/mike/Desktop/work/04_DeviceSpecific/3_questasim/Simlib//common_rpc_v1/.cxl.cpp.sm.log ,
	NumOfErrors = 4 ,
	NumOfWarnings = 0 ,
	Error = /usr/bin/g++  -c -fPIC -I /home/mike/SoftwareAndApps/Xilinx2024_2/Vivado/2024.2/data/simmodels/questa/2024.1/lnx64/7.4.0/ext/protobuf/include -I /home/mike/SoftwareAndApps/Xilinx2024_2/Vivado/2024.2/data/systemc/simlibs/common_rpc/common_rpc_v1/include -I /home/mike/SoftwareAndApps/Xilinx2024_2/Vivado/2024.2/tps/boost_1_72_0 -Wall -fPIC -fPIC -std=c++11 /home/mike/SoftwareAndApps/Xilinx2024_2/Vivado/2024.2/data/systemc/simlibs/common_rpc/common_rpc_v1/src/xaxi_stream_profiler.cpp -o /home/mike/Desktop/work/04_DeviceSpecific/3_questasim/Simlib//common_rpc_v1/xaxi_stream_profiler.o ,
	Error = /usr/bin/g++  -c -fPIC -I /home/mike/SoftwareAndApps/Xilinx2024_2/Vivado/2024.2/data/simmodels/questa/2024.1/lnx64/7.4.0/ext/protobuf/include -I /home/mike/SoftwareAndApps/Xilinx2024_2/Vivado/2024.2/data/systemc/simlibs/common_rpc/common_rpc_v1/include -I /home/mike/SoftwareAndApps/Xilinx2024_2/Vivado/2024.2/tps/boost_1_72_0 -Wall -fPIC -fPIC -std=c++11 /home/mike/SoftwareAndApps/Xilinx2024_2/Vivado/2024.2/data/systemc/simlibs/common_rpc/common_rpc_v1/src/debug_manager.cpp -o /home/mike/Desktop/work/04_DeviceSpecific/3_questasim/Simlib//common_rpc_v1/debug_manager.o ,
	Error = /usr/bin/g++  -c -fPIC -I /home/mike/SoftwareAndApps/Xilinx2024_2/Vivado/2024.2/data/simmodels/questa/2024.1/lnx64/7.4.0/ext/protobuf/include -I /home/mike/SoftwareAndApps/Xilinx2024_2/Vivado/2024.2/data/systemc/simlibs/common_rpc/common_rpc_v1/include -I /home/mike/SoftwareAndApps/Xilinx2024_2/Vivado/2024.2/tps/boost_1_72_0 -Wall -fPIC -fPIC -std=c++11 /home/mike/SoftwareAndApps/Xilinx2024_2/Vivado/2024.2/data/systemc/simlibs/common_rpc/common_rpc_v1/src/xaxi_stream_profiler_instmgr.cpp -o /home/mike/Desktop/work/04_DeviceSpecific/3_questasim/Simlib//common_rpc_v1/xaxi_stream_profiler_instmgr.o ,
	Error = /usr/bin/g++  -c -fPIC -I /home/mike/SoftwareAndApps/Xilinx2024_2/Vivado/2024.2/data/simmodels/questa/2024.1/lnx64/7.4.0/ext/protobuf/include -I /home/mike/SoftwareAndApps/Xilinx2024_2/Vivado/2024.2/data/systemc/simlibs/common_rpc/common_rpc_v1/include -I /home/mike/SoftwareAndApps/Xilinx2024_2/Vivado/2024.2/tps/boost_1_72_0 -Wall -fPIC -fPIC -std=c++11 /home/mike/SoftwareAndApps/Xilinx2024_2/Vivado/2024.2/data/systemc/simlibs/common_rpc/common_rpc_v1/src/debug_manager_if.cxx -o /home/mike/Desktop/work/04_DeviceSpecific/3_questasim/Simlib//common_rpc_v1/debug_manager_if.o ,
