CxlResult:/home/mike/Desktop/work/04_DeviceSpecific/3_questasim/Simlib//noc_sc_v1_0_0/.cxl.systemc.sm.rpt =
	ExecutionPlatform = lin64 ,
	SourceLibrary = noc_sc_v1_0_0 ,
	SourcePath = /home/mike/SoftwareAndApps/Xilinx2024_2/Vivado/2024.2/data/systemc/simlibs/noc_sc/noc_sc_v1_0_0 ,
	Simulator = questasim ,
	SimulatorVersion = 2023.3 ,
	CompiledLibrary = noc_sc_v1_0_0 ,
	CompiledPath = /home/mike/Desktop/work/04_DeviceSpecific/3_questasim/Simlib//noc_sc_v1_0_0 ,
	Timestamp = Fri Oct 17 13:57:29 2025 ,
	Time = 1760702249 ,
	Language = systemc ,
	XilinxVersion = 2024.2 ,
	LogFile = /home/mike/Desktop/work/04_DeviceSpecific/3_questasim/Simlib//noc_sc_v1_0_0/.cxl.systemc.sm.log ,
	NumOfErrors = 1 ,
	NumOfWarnings = 0 ,
	Error = /home/mike/SoftwareAndApps/Siemens_QuestaSim2023_3/questasim/bin//sccom  -64 -cpppath /usr/bin/g++ -nodebug  -I /home/mike/SoftwareAndApps/Xilinx2024_2/Vivado/2024.2/data/systemc/simlibs/noc_sc/noc_sc_v1_0_0/include -I /home/mike/SoftwareAndApps/Xilinx2024_2/Vivado/2024.2/data/simmodels/questa/2024.1/lnx64/7.4.0/systemc/protected/noc_v1_0_0/include -I /home/mike/Desktop/work/04_DeviceSpecific/3_questasim/Simlib//xtlm/include -I /home/mike/Desktop/work/04_DeviceSpecific/3_questasim/Simlib//common_cpp_v1_0/include -I /home/mike/SoftwareAndApps/Xilinx2024_2/Vivado/2024.2/tps/boost_1_72_0 -Wall -fPIC -Wall -fPIC -std=gnu++14 -rdynamic -Wno-reorder -Wno-deprecated-declarations -Wno-unused-function -DSC_INCLUDE_DYNAMIC_PROCESSES -DBOOST_SYSTEM_NO_DEPRECATED -DNDEBUG -O3 -work noc_sc_v1_0_0 -f /home/mike/Desktop/work/04_DeviceSpecific/3_questasim/Simlib//noc_sc_v1_0_0/.cxl.systemc.noc_sc_v1_0_0.noc_sc_v1_0_0.cmf ,
